error error error 
error 